user1@pc1:~/Documents$ mkdir Attestation_2
user1@pc1:~/Documents$ cd Attestation_2/
user1@pc1:~/Documents/Attestation_2$ cat > Domestic_animals
Dogs 
Cats
Hamstersuser1@pc1:~/Documents/Attestation_2$ cat > Pack_animals
Horses
Camels
Donkeysuser1@pc1:~/Documents/Attestation_2$ cat Domestic_animals Pack_animals > WIP_concat_file
user1@pc1:~/Documents/Attestation_2$ cat WIPconcWIP_concat_file 
Dogs
Cats
HamstersHorses
Camels
user1@pc1:~/Documents/Attestation_2$ mv WIPconcWIP_concat_file Homasapience_friends
user1@pc1:~/Documents/Attestation_2$ ls
Domestic_animals  Homasapience_friends  Pack_animals
user1@pc1:~/Documents/Attestation_2$ mkdir Homasapience_friends
mkdir: cannot create directory ‘Homasapience_friends’: File exists
user1@pc1:~/Documents/Attestation_2$ mkdir Homasapience_friends_dir
user1@pc1:~/Documents/Attestation_2$ mv Homasapience_friends Homasapience_friends_dir/
user1@pc1:~/Documents/Attestation_2$ ls Homasapience_friends_dir/
Homasapience_friends
user1@pc1:~/Documents/Attestation_2$ whereis mysql
mysql:
user1@pc1:~/Documents/Attestation_2$ mysql
Command 'mysql' not found, but can be installed with:
sudo apt install mysql-client-core-8.0     # version 8.0.32-0ubuntu0.22.04.2, or
sudo apt install mariadb-client-core-10.6  # version 1:10.6.12-0ubuntu0.22.04.1
user1@pc1:~/Documents/Attestation_2$ uname -s
Linux
user1@pc1:~/Documents/Attestation_2$ uname -a
Linux pc1 5.19.0-38-generic #39~22.04.1-Ubuntu SMP PREEMPT_DYNAMIC Fri Mar 17 21:16:15 UTC 2 x86_64 x86_64 x86_64 GNU/Linux
user1@pc1:~/Documents/Attestation_2$ 
user1@pc1:~/Documents$ echo "-----BEGIN PGP PUBLIC KEY BLOCK-----
Version: SKS 1.1.6
Comment: Hostname: pgp.mit.edu

mQINBGG4urcBEACrbsRa7tSSyxSfFkB+KXSbNM9rxYqoB78u107skReefq4/+Y72TpDvlDZL
mdv/lK0IpLa3bnvsM9IE1trNLrfi+JES62kaQ6hePPgn2RqxyIirt2seSi3Z3n3jlEg+mSdh
AvW+b+hFnqxo+TY0U+RBwDi4oO0YzHefkYPSmNPdlxRPQBMv4GPTNfxERx6XvVSPcL1+jQ4R
2cQFBryNhidBFIkoCOszjWhm+WnbURsLheBp757lqEyrpCufz77zlq2gEi+wtPHItfqsx3rz
xSRqatztMGYZpNUHNBJkr13npZtGW+kdN/xu980QLZxN+bZ88pNoOuzD6dKcpMJ0LkdUmTx5
z9ewiFiFbUDzZ7PECOm2g3veJrwr79CXDLE1+39Hr8rDM2kDhSr9tAlPTnHVDcaYIGgSNIBc
YfLmt91133klHQHBIdWCNVtWJjq5YcLQJ9TxG9GQzgABPrm6NDd1t9j7w1L7uwBvMB1wgpir
RTPVfnUSCd+025PEF+wTcBhfnzLtFj5xD7mNsmDmeHkF/sDfNOfAzTE1v2wq0ndYU60xbL6/
yl/Nipyr7WiQjCG0m3WfkjjVDTfs7/DXUqHFDOu4WMF9v+oqwpJXmAeGhQTWZC/QhWtrjrNJ
AgwKpp263gDSdW70ekhRzsok1HJwX1SfxHJYCMFs2aH6ppzNsQARAQABtDZNeVNRTCBSZWxl
YXNlIEVuZ2luZWVyaW5nIDxteXNxbC1idWlsZEBvc3Mub3JhY2xlLmNvbT6JAlQEEwEIAD4W
IQSFm+jXxYb1OEMLGcJGe5QtOnm9KQUCYbi6twIbAwUJA8JnAAULCQgHAgYVCgkICwIEFgID
AQIeAQIXgAAKCRBGe5QtOnm9KUewD/992sS31WLGoUQ6NoL7qOB4CErkqXtMzpJAKKg2jtBG
G3rKE1/0VAg1D8AwEK4LcCO407wohnH0hNiUbeDck5x20pgS5SplQpuXX1K9vPzHeL/WNTb9
8S3H2Mzj4o9obED6Ey52tTupttMF8pC9TJ93LxbJlCHIKKwCA1cXud3GycRN72eqSqZfJGds
aeWLmFmHf6oee27d8XLoNjbyAxna/4jdWoTqmp8oT3bgv/TBco23NzqUSVPi+7ljS1hHvcJu
oJYqaztGrAEf/lWIGdfl/kLEh8IYx8OBNUojh9mzCDlwbs83CBqoUdlzLNDdwmzu34Aw7xK1
4RAVinGFCpo/7EWoX6weyB/zqevUIIE89UABTeFoGih/hx2jdQV/NQNthWTW0jH0hmPnajBV
AJPYwAuO82rx2pnZCxDATMn0elOkTue3PCmzHBF/GT6c65aQC4aojj0+Veh787QllQ9FrWbw
nTz+4fNzU/MBZtyLZ4JnsiWUs9eJ2V1g/A+RiIKu357Qgy1ytLqlgYiWfzHFlYjdtbPYKjDa
ScnvtY8VO2Rktm7XiV4zKFKiaWp+vuVYpR0/7Adgnlj5Jt9lQQGOr+Z2VYx8SvBcC+by3XAt
YkRHtX5u4MLlVS3gcoWfDiWwCpvqdK21EsXjQJxRr3dbSn0HaVj4FJZX0QQ7WZm6WLkCDQRh
uLq3ARAA6RYjqfC0YcLGKvHhoBnsX29vy9Wn1y2JYpEnPUIB8X0VOyz5/ALv4Hqtl4THkH+m
mMuhtndoq2BkCCk508jWBvKS1S+Bd2esB45BDDmIhuX3ozu9Xza4i1FsPnLkQ0uMZJv30ls2
pXFmskhYyzmo6aOmH2536LdtPSlXtywfNV1HEr69V/AHbrEzfoQkJ/qvPzELBOjfjwtDPDeP
iVgW9LhktzVzn/BjO7XlJxw4PGcxJG6VApsXmM3t2fPN9eIHDUq8ocbHdJ4en8/bJDXZd9eb
QoILUuCg46hE3p6nTXfnPwSRnIRnsgCzeAz4rxDR4/Gv1Xpzv5wqpL21XQi3nvZKlcv7J1IR
VdphK66De9GpVQVTqC102gqJUErdjGmxmyCA1OOORqEPfKTrXz5YUGsWwpH+4xCuNQP0qmre
Rw3ghrH8potIr0iOVXFic5vJfBTgtcuEB6E6ulAN+3jqBGTaBML0jxgj3Z5VC5HKVbpg2DbB
/wMrLwFHNAbzV5hj2Os5Zmva0ySP1YHB26pAW8dwB38GBaQvfZq3ezM4cRAo/iJ/GsVE98dZ
EBO+Ml+0KYj+ZG+vyxzo20sweun7ZKT+9qZM90f6cQ3zqX6IfXZHHmQJBNv73mcZWNhDQOHs
4wBoq+FGQWNqLU9xaZxdXw80r1viDAwOy13EUtcVbTkAEQEAAYkCPAQYAQgAJhYhBIWb6NfF
hvU4QwsZwkZ7lC06eb0pBQJhuLq3AhsMBQkDwmcAAAoJEEZ7lC06eb0pSi8P/iy+dNnxrtiE
Nn9vkkA7AmZ8RsvPXYVeDCDSsL7UfhbS77r2L1qTa2aB3gAZUDIOXln51lSxMeeLtOequLME
V2Xi5km70rdtnja5SmWfc9fyExunXnsOhg6UG872At5CGEZU0c2Nt/hlGtOR3xbt3O/Uwl+d
ErQPA4BUbW5K1T7OC6oPvtlKfF4bGZFloHgt2yE9YSNWZsTPe6XJSapemHZLPOxJLnhs3VBi
rWE31QS0bRl5AzlO/fg7ia65vQGMOCOTLpgChTbcZHtozeFqva4IeEgE4xN+6r8WtgSYeGGD
RmeMEVjPM9dzQObf+SvGd58u2z9f2agPK1H32c69RLoA0mHRe7Wkv4izeJUc5tumUY0e8Ojd
enZZjT3hjLh6tM+mrp2oWnQIoed4LxUw1dhMOj0rYXv6laLGJ1FsW5eSke7ohBLcfBBTKnMC
BohROHy2E63Wggfsdn3UYzfqZ8cfbXetkXuLS/OM3MXbiNjg+ElYzjgWrkayu7yLakZx+mx6
sHPIJYm2hzkniMG29d5mGl7ZT9emP9b+CfqGUxoXJkjs0gnDl44bwGJ0dmIBu3ajVAaHODXy
Y/zdDMGjskfEYbNXCAY2FRZSE58tgTvPKD++Kd2KGplMU2EIFT7JYfKhHAB5DGMkx92HUMid
sTSKHe+QnnnoFmu4gnmDU31i
=Xqbo
-----END PGP PUBLIC KEY BLOCK-----" > mysql_pubkey.asc
user1@pc1:~/Documents$ gpg --import mysql_pubkey.asc
gpg: key 467B942D3A79BD29: public key "MySQL Release Engineering <mysql-build@oss.oracle.com>" imported
gpg: Total number processed: 1
gpg:               imported: 1
user1@pc1:~/Documents$ sudo apt-key add mysql_pubkey.asc 
[sudo] password for user1: 
Warning: apt-key is deprecated. Manage keyring files in trusted.gpg.d instead (see apt-key(8)).
OK
user1@pc1:~/Documents$ cd /etc/apt/sources.list.d/
user1@pc1:/etc/apt/sources.list.d$ echo "deb http://repo.mysql.com/apt/ubuntu/ bionic mysql-8.0" > mysql.list
bash: mysql.list: Permission denied
user1@pc1:/etc/apt/sources.list.d$ sudo echo "deb http://repo.mysql.com/apt/ubuntu/ bionic mysql-8.0" > mysql.list
bash: mysql.list: Permission denied
user1@pc1:/etc/apt/sources.list.d$ ls
docker.list  github-cli.list
user1@pc1:/etc/apt/sources.list.d$ sudo nano mysql.list
user1@pc1:/etc/apt/sources.list.d$ sudo nano mysql.list
user1@pc1:/etc/apt/sources.list.d$ ls
docker.list  github-cli.list  mysql.list
user1@pc1:/etc/apt/sources.list.d$ sudo nano mysql.list
user1@pc1:/etc/apt/sources.list.d$ sudo apt update
Hit:1 http://ru.archive.ubuntu.com/ubuntu jammy InRelease
Get:2 http://ru.archive.ubuntu.com/ubuntu jammy-updates InRelease [119 kB]                                                                                          
Get:3 http://ru.archive.ubuntu.com/ubuntu jammy-backports InRelease [108 kB]                                                                                                                      
Get:4 http://security.ubuntu.com/ubuntu jammy-security InRelease [110 kB]                                                                                          
Get:5 http://ru.archive.ubuntu.com/ubuntu jammy-updates/main amd64 Packages [993 kB]                                                                                                     
Get:6 http://ru.archive.ubuntu.com/ubuntu jammy-updates/main i386 Packages [469 kB]                                                                                                              
Hit:7 https://download.docker.com/linux/ubuntu jammy InRelease                                                                                               
Get:8 http://repo.mysql.com/apt/ubuntu bionic InRelease [20,0 kB]                                                                                            
Get:9 http://ru.archive.ubuntu.com/ubuntu jammy-updates/main amd64 DEP-11 Metadata [101 kB]                                                        
Get:10 http://ru.archive.ubuntu.com/ubuntu jammy-updates/universe amd64 DEP-11 Metadata [269 kB]              
Get:11 http://ru.archive.ubuntu.com/ubuntu jammy-updates/multiverse amd64 DEP-11 Metadata [940 B]                     
Get:12 http://ru.archive.ubuntu.com/ubuntu jammy-backports/main amd64 DEP-11 Metadata [8 000 B]                      
Get:13 http://ru.archive.ubuntu.com/ubuntu jammy-backports/universe amd64 DEP-11 Metadata [12,5 kB]                         
Hit:14 https://cli.github.com/packages stable InRelease                                                                 
Get:15 http://repo.mysql.com/apt/ubuntu bionic/mysql-8.0 amd64 Packages [8 532 B]                                       
Get:16 http://repo.mysql.com/apt/ubuntu bionic/mysql-8.0 i386 Packages [8 544 B]
Fetched 2 228 kB in 2s (1 397 kB/s)       
Reading package lists... Done
Building dependency tree... Done
Reading state information... Done
77 packages can be upgraded. Run 'apt list --upgradable' to see them.
W: http://repo.mysql.com/apt/ubuntu/dists/bionic/InRelease: Key is stored in legacy trusted.gpg keyring (/etc/apt/trusted.gpg), see the DEPRECATION section in apt-key(8) for details.
W: Skipping acquire of configured file 'workbench-8.0/binary-amd64/Packages' as repository 'http://repo.mysql.com/apt/ubuntu bionic InRelease' doesn't have the component 'workbench-8.0' (component misspelt in sources.list?)
W: Skipping acquire of configured file 'workbench-8.0/binary-i386/Packages' as repository 'http://repo.mysql.com/apt/ubuntu bionic InRelease' doesn't have the component 'workbench-8.0' (component misspelt in sources.list?)
W: Skipping acquire of configured file 'workbench-8.0/i18n/Translation-en' as repository 'http://repo.mysql.com/apt/ubuntu bionic InRelease' doesn't have the component 'workbench-8.0' (component misspelt in sources.list?)
W: Skipping acquire of configured file 'workbench-8.0/i18n/Translation-en_US' as repository 'http://repo.mysql.com/apt/ubuntu bionic InRelease' doesn't have the component 'workbench-8.0' (component misspelt in sources.list?)
W: Skipping acquire of configured file 'workbench-8.0/dep11/Components-amd64.yml' as repository 'http://repo.mysql.com/apt/ubuntu bionic InRelease' doesn't have the component 'workbench-8.0' (component misspelt in sources.list?)
W: Skipping acquire of configured file 'workbench-8.0/dep11/icons-48x48.tar' as repository 'http://repo.mysql.com/apt/ubuntu bionic InRelease' doesn't have the component 'workbench-8.0' (component misspelt in sources.list?)
W: Skipping acquire of configured file 'workbench-8.0/dep11/icons-64x64.tar' as repository 'http://repo.mysql.com/apt/ubuntu bionic InRelease' doesn't have the component 'workbench-8.0' (component misspelt in sources.list?)
W: Skipping acquire of configured file 'workbench-8.0/dep11/icons-64x64@2.tar' as repository 'http://repo.mysql.com/apt/ubuntu bionic InRelease' doesn't have the component 'workbench-8.0' (component misspelt in sources.list?)
W: Skipping acquire of configured file 'workbench-8.0/cnf/Commands-amd64' as repository 'http://repo.mysql.com/apt/ubuntu bionic InRelease' doesn't have the component 'workbench-8.0' (component misspelt in sources.list?)
W: Skipping acquire of configured file 'connector-python-8.0/binary-amd64/Packages' as repository 'http://repo.mysql.com/apt/ubuntu bionic InRelease' doesn't have the component 'connector-python-8.0' (component misspelt in sources.list?)
W: Skipping acquire of configured file 'connector-python-8.0/binary-i386/Packages' as repository 'http://repo.mysql.com/apt/ubuntu bionic InRelease' doesn't have the component 'connector-python-8.0' (component misspelt in sources.list?)
W: Skipping acquire of configured file 'connector-python-8.0/i18n/Translation-en_US' as repository 'http://repo.mysql.com/apt/ubuntu bionic InRelease' doesn't have the component 'connector-python-8.0' (component misspelt in sources.list?)
W: Skipping acquire of configured file 'connector-python-8.0/i18n/Translation-en' as repository 'http://repo.mysql.com/apt/ubuntu bionic InRelease' doesn't have the component 'connector-python-8.0' (component misspelt in sources.list?)
W: Skipping acquire of configured file 'connector-python-8.0/dep11/Components-amd64.yml' as repository 'http://repo.mysql.com/apt/ubuntu bionic InRelease' doesn't have the component 'connector-python-8.0' (component misspelt in sources.list?)
W: Skipping acquire of configured file 'connector-python-8.0/dep11/icons-48x48.tar' as repository 'http://repo.mysql.com/apt/ubuntu bionic InRelease' doesn't have the component 'connector-python-8.0' (component misspelt in sources.list?)
W: Skipping acquire of configured file 'connector-python-8.0/dep11/icons-64x64.tar' as repository 'http://repo.mysql.com/apt/ubuntu bionic InRelease' doesn't have the component 'connector-python-8.0' (component misspelt in sources.list?)
W: Skipping acquire of configured file 'connector-python-8.0/dep11/icons-64x64@2.tar' as repository 'http://repo.mysql.com/apt/ubuntu bionic InRelease' doesn't have the component 'connector-python-8.0' (component misspelt in sources.list?)
W: Skipping acquire of configured file 'connector-python-8.0/cnf/Commands-amd64' as repository 'http://repo.mysql.com/apt/ubuntu bionic InRelease' doesn't have the component 'connector-python-8.0' (component misspelt in sources.list?)
user1@pc1:/etc/apt/sources.list.d$ uname -a
Linux pc1 5.19.0-38-generic #39~22.04.1-Ubuntu SMP PREEMPT_DYNAMIC Fri Mar 17 21:16:15 UTC 2 x86_64 x86_64 x86_64 GNU/Linux
user1@pc1:/etc/apt/sources.list.d$ echo "HELLO, TEACHER! IT SEEMS LIKE MYSQL REMOVED WORKBENCH-8.0 AND CONNECTOR-PYTHON-8.0 FROM ITS REPOSITORY AT SOME POINT OF TIME. DO NOT BLAME ME, AS I HAVE JUST FOLLOWED THE INSTRUCTIONS ON MYSQL OFFICIAL WEBSITE: https://dev.mysql.com/doc/mysql-apt-repo-quick-guide/en/#repo-qg-apt-installing APPEDIX A. THE MAIN TASK OF CONNECTING A REMOTE REPOSITORY IS COMPLETED BY MYSQL-8.0. TIME TO INSTALL IT."
HELLO, TEACHER! IT SEEMS LIKE MYSQL REMOVED WORKBENCH-8.0 AND CONNECTOR-PYTHON-8.0 FROM ITS REPOSITORY AT SOME POINT OF TIME. DO NOT BLAME ME, AS I HAVE JUST FOLLOWED THE INSTRUCTIONS ON MYSQL OFFICIAL WEBSITE: https://dev.mysql.com/doc/mysql-apt-repo-quick-guide/en/#repo-qg-apt-installing APPEDIX A. THE MAIN TASK OF CONNECTING A REMOTE REPOSITORY IS COMPLETED BY MYSQL-8.0. TIME TO INSTALL IT.
user1@pc1:/etc/apt/sources.list.d$ sudo apt install mysql-8.0
Reading package lists... Done
Building dependency tree... Done
Reading state information... Done
E: Unable to locate package mysql-8.0
E: Couldn't find any package by glob 'mysql-8.0'
user1@pc1:/etc/apt/sources.list.d$ sudo apt install mysql-server
Reading package lists... Done
Building dependency tree... Done
Reading state information... Done
Some packages could not be installed. This may mean that you have
requested an impossible situation or if you are using the unstable
distribution that some required packages have not yet been created
or been moved out of Incoming.
The following information may help to resolve the situation:

The following packages have unmet dependencies:
 mysql-community-client : Depends: libssl1.1 (>= 1.1.1) but it is not installable
                          Depends: mysql-community-client-core (= 8.0.32-1ubuntu18.04) but it is not going to be installed
 mysql-community-server-core : Depends: libssl1.1 (>= 1.1.1) but it is not installable
                               Recommends: mecab-ipadic-utf8 but it is not going to be installed
E: Unable to correct problems, you have held broken packages.
user1@pc1:/etc/apt/sources.list.d$ sudo apt-get install mysql-server
Reading package lists... Done
Building dependency tree... Done
Reading state information... Done
Some packages could not be installed. This may mean that you have
requested an impossible situation or if you are using the unstable
distribution that some required packages have not yet been created
or been moved out of Incoming.
The following information may help to resolve the situation:

The following packages have unmet dependencies:
 mysql-community-client : Depends: libssl1.1 (>= 1.1.1) but it is not installable
                          Depends: mysql-community-client-core (= 8.0.32-1ubuntu18.04) but it is not going to be installed
 mysql-community-server-core : Depends: libssl1.1 (>= 1.1.1) but it is not installable
                               Recommends: mecab-ipadic-utf8 but it is not going to be installed
E: Unable to correct problems, you have held broken packages.
user1@pc1:/etc/apt/sources.list.d$ echo "NOT MY FAULT"
NOT MY FAULT
user1@pc1:/etc/apt/sources.list.d$ 
user1@pc1:~$ cd /tmp
user1@pc1:/tmp$ curl -OL https://dev.mysql.com/get/mysql-apt-config_0.8.24-1_all.deb
  % Total    % Received % Xferd  Average Speed   Time    Time     Time  Current
                                 Dload  Upload   Total   Spent    Left  Speed
  0     0    0     0    0     0      0      0 --:--:-- --:--:-- --:--:--     0
100 18048  100 18048    0     0  24309      0 --:--:-- --:--:-- --:--:--  338k
user1@pc1:/tmp$ ls
mysql-apt-config_0.8.24-1_all.deb
snap-private-tmp
systemd-private-7e9480ffb3694cc1a010630323d63903-bluetooth.service-FVHWN3
systemd-private-7e9480ffb3694cc1a010630323d63903-bolt.service-EwJQ53
systemd-private-7e9480ffb3694cc1a010630323d63903-colord.service-ytidbW
systemd-private-7e9480ffb3694cc1a010630323d63903-fwupd.service-D84Ubf
systemd-private-7e9480ffb3694cc1a010630323d63903-ModemManager.service-Bt2fLf
systemd-private-7e9480ffb3694cc1a010630323d63903-power-profiles-daemon.service-4uoHbJ
systemd-private-7e9480ffb3694cc1a010630323d63903-switcheroo-control.service-QTf9Wy
systemd-private-7e9480ffb3694cc1a010630323d63903-systemd-hostnamed.service-TiTY9i
systemd-private-7e9480ffb3694cc1a010630323d63903-systemd-logind.service-thIy2I
systemd-private-7e9480ffb3694cc1a010630323d63903-systemd-oomd.service-n4m5Ip
systemd-private-7e9480ffb3694cc1a010630323d63903-systemd-resolved.service-1RQk64
systemd-private-7e9480ffb3694cc1a010630323d63903-systemd-timesyncd.service-sjQI6x
systemd-private-7e9480ffb3694cc1a010630323d63903-upower.service-07dGgt
tracker-extract-3-files.1000
tracker-extract-3-files.127
user1@pc1:/tmp$ 
user1@pc1:/tmp$ sudo dpkg -i mysql-apt-config_0.8.24-1_all.deb 
Selecting previously unselected package mysql-apt-config.
(Reading database ... 200687 files and directories currently installed.)
Preparing to unpack mysql-apt-config_0.8.24-1_all.deb ...
Unpacking mysql-apt-config (0.8.24-1) ...
Setting up mysql-apt-config (0.8.24-1) ...
Warning: apt-key should not be used in scripts (called from postinst maintainerscript of the package mysql-apt-config)
Warning: apt-key is deprecated. Manage keyring files in trusted.gpg.d instead (see apt-key(8)).
OK
user1@pc1:/tmp$ sudo apt update
Hit:1 http://ru.archive.ubuntu.com/ubuntu jammy InRelease
Get:2 http://ru.archive.ubuntu.com/ubuntu jammy-updates InRelease [119 kB]     
Hit:3 https://download.docker.com/linux/ubuntu jammy InRelease                 
Get:4 http://security.ubuntu.com/ubuntu jammy-security InRelease [110 kB]      
Get:5 http://ru.archive.ubuntu.com/ubuntu jammy-backports InRelease [108 kB]   
Get:6 http://repo.mysql.com/apt/ubuntu jammy InRelease [15,2 kB]               
Get:7 http://ru.archive.ubuntu.com/ubuntu jammy-updates/main amd64 DEP-11 Metadata [101 kB]
Get:8 http://ru.archive.ubuntu.com/ubuntu jammy-updates/universe amd64 DEP-11 Metadata [269 kB]
Hit:9 https://cli.github.com/packages stable InRelease                         
Get:10 http://ru.archive.ubuntu.com/ubuntu jammy-updates/multiverse amd64 DEP-11 Metadata [940 B]
Get:11 http://ru.archive.ubuntu.com/ubuntu jammy-backports/main amd64 DEP-11 Metadata [8 012 B]
Get:12 http://ru.archive.ubuntu.com/ubuntu jammy-backports/universe amd64 DEP-11 Metadata [12,5 kB]
Get:13 http://repo.mysql.com/apt/ubuntu jammy/mysql-8.0 Sources [966 B]        
Get:14 http://security.ubuntu.com/ubuntu jammy-security/main i386 Packages [280 kB]
Get:15 http://repo.mysql.com/apt/ubuntu jammy/mysql-apt-config amd64 Packages [565 B]
Get:16 http://security.ubuntu.com/ubuntu jammy-security/main amd64 Packages [731 kB]
Get:17 http://repo.mysql.com/apt/ubuntu jammy/mysql-apt-config i386 Packages [565 B]
Get:18 http://security.ubuntu.com/ubuntu jammy-security/universe amd64 Packages [717 kB]
Get:19 http://repo.mysql.com/apt/ubuntu jammy/mysql-8.0 amd64 Packages [8 555 B]
Get:20 http://repo.mysql.com/apt/ubuntu jammy/mysql-tools i386 Packages [455 B]
Get:21 http://repo.mysql.com/apt/ubuntu jammy/mysql-tools amd64 Packages [7 905 B]
Fetched 2 490 kB in 1s (1 962 kB/s)       
Reading package lists... Done
Building dependency tree... Done
Reading state information... Done
76 packages can be upgraded. Run 'apt list --upgradable' to see them.
W: http://repo.mysql.com/apt/ubuntu/dists/jammy/InRelease: Key is stored in legacy trusted.gpg keyring (/etc/apt/trusted.gpg), see the DEPRECATION section in apt-key(8) for details.
user1@pc1:/tmp$ rm mysql-apt-config_0.8.24-1_all.deb 
user1@pc1:/tmp$ sudo apt search mysql-server
Sorting... Done
Full Text Search... Done
default-mysql-server/jammy,jammy 1.0.8 all
  MySQL database server binaries and system database setup (metapackage)

default-mysql-server-core/jammy,jammy 1.0.8 all
  MySQL database server binaries (metapackage)

mysql-server/unknown 8.0.32-1ubuntu22.04 amd64
  MySQL Server meta package depending on latest version

mysql-server-8.0/jammy-updates,jammy-security 8.0.32-0ubuntu0.22.04.2 amd64
  MySQL database server binaries and system database setup

mysql-server-core-8.0/jammy-updates,jammy-security 8.0.32-0ubuntu0.22.04.2 amd64
  MySQL database server binaries

user1@pc1:/tmp$ sudo apt install mysql-server
Reading package lists... Done
Building dependency tree... Done
Reading state information... Done
The following packages were automatically installed and are no longer required:
  chromium-codecs-ffmpeg-extra docker-scan-plugin gstreamer1.0-vaapi
  i965-va-driver intel-media-va-driver libaacs0 libaom3 libass9 libavcodec58
  libavformat58 libavutil56 libbdplus0 libblas3 libbluray2 libbs2b0
  libchromaprint1 libcodec2-1.0 libdav1d5 libflashrom1 libflite1 libfsverity0
  libftdi1-2 libgme0 libgsm1 libgstreamer-plugins-bad1.0-0 libigdgmm12
  liblilv-0-0 libllvm13 libmfx1 libmysofa1 libnorm1 libopenmpt0 libpgm-5.3-0
  libpostproc55 librabbitmq4 librpmbuild9 librpmsign9 librubberband2
  libserd-0-0 libshine3 libsnappy1v5 libsord-0-0 libsratom-0-0
  libsrt1.4-gnutls libssh-gcrypt-4 libswresample3 libswscale5 libudfread0
  libva-drm2 libva-wayland2 libva-x11-2 libva2 libvdpau1 libvidstab1.1
  libx265-199 libxvidcore4 libzimg2 libzmq5 libzvbi-common libzvbi0
  mesa-va-drivers mesa-vdpau-drivers ocl-icd-libopencl1 pocketsphinx-en-us rpm
  ubuntu-fan va-driver-all vdpau-driver-all wmdocker
Use 'sudo apt autoremove' to remove them.
The following additional packages will be installed:
  libaio1 libmecab2 mecab-ipadic mecab-ipadic-utf8 mecab-utils mysql-client
  mysql-common mysql-community-client mysql-community-client-core
  mysql-community-client-plugins mysql-community-server
  mysql-community-server-core
The following NEW packages will be installed:
  libaio1 libmecab2 mecab-ipadic mecab-ipadic-utf8 mecab-utils mysql-client
  mysql-common mysql-community-client mysql-community-client-core
  mysql-community-client-plugins mysql-community-server
  mysql-community-server-core mysql-server
0 upgraded, 13 newly installed, 0 to remove and 76 not upgraded.
Need to get 38,3 MB of archives.
After this operation, 273 MB of additional disk space will be used.
Do you want to continue? [Y/n] y
Get:1 http://ru.archive.ubuntu.com/ubuntu jammy/main amd64 libaio1 amd64 0.3.112-13build1 [7 176 B]
Get:2 http://ru.archive.ubuntu.com/ubuntu jammy/main amd64 libmecab2 amd64 0.996-14build9 [199 kB]
Get:3 http://ru.archive.ubuntu.com/ubuntu jammy/main amd64 mecab-utils amd64 0.996-14build9 [4 850 B]
Get:4 http://ru.archive.ubuntu.com/ubuntu jammy/main amd64 mecab-ipadic all 2.7.0-20070801+main-3 [6 718 kB]
Get:5 http://repo.mysql.com/apt/ubuntu jammy/mysql-8.0 amd64 mysql-common amd64 8.0.32-1ubuntu22.04 [68,6 kB]
Get:6 http://repo.mysql.com/apt/ubuntu jammy/mysql-8.0 amd64 mysql-community-client-plugins amd64 8.0.32-1ubuntu22.04 [1 437 kB]
Get:7 http://repo.mysql.com/apt/ubuntu jammy/mysql-8.0 amd64 mysql-community-client-core amd64 8.0.32-1ubuntu22.04 [2 184 kB]
Get:8 http://repo.mysql.com/apt/ubuntu jammy/mysql-8.0 amd64 mysql-community-client amd64 8.0.32-1ubuntu22.04 [2 458 kB]
Get:9 http://repo.mysql.com/apt/ubuntu jammy/mysql-8.0 amd64 mysql-client amd64 8.0.32-1ubuntu22.04 [67,3 kB]
Get:10 http://repo.mysql.com/apt/ubuntu jammy/mysql-8.0 amd64 mysql-community-server-core amd64 8.0.32-1ubuntu22.04 [25,0 MB]
Get:11 http://repo.mysql.com/apt/ubuntu jammy/mysql-8.0 amd64 mysql-community-server amd64 8.0.32-1ubuntu22.04 [79,1 kB]
Get:12 http://repo.mysql.com/apt/ubuntu jammy/mysql-8.0 amd64 mysql-server amd64 8.0.32-1ubuntu22.04 [67,3 kB]
Get:13 http://ru.archive.ubuntu.com/ubuntu jammy/main amd64 mecab-ipadic-utf8 all 2.7.0-20070801+main-3 [4 384 B]
Fetched 38,3 MB in 7s (5 358 kB/s)                                             
Preconfiguring packages ...
Selecting previously unselected package mysql-common.
(Reading database ... 200692 files and directories currently installed.)
Preparing to unpack .../00-mysql-common_8.0.32-1ubuntu22.04_amd64.deb ...
Unpacking mysql-common (8.0.32-1ubuntu22.04) ...
Selecting previously unselected package mysql-community-client-plugins.
Preparing to unpack .../01-mysql-community-client-plugins_8.0.32-1ubuntu22.04_am
d64.deb ...
Unpacking mysql-community-client-plugins (8.0.32-1ubuntu22.04) ...
Selecting previously unselected package mysql-community-client-core.
Preparing to unpack .../02-mysql-community-client-core_8.0.32-1ubuntu22.04_amd64
.deb ...
Unpacking mysql-community-client-core (8.0.32-1ubuntu22.04) ...
Selecting previously unselected package mysql-community-client.
Preparing to unpack .../03-mysql-community-client_8.0.32-1ubuntu22.04_amd64.deb 
...
Unpacking mysql-community-client (8.0.32-1ubuntu22.04) ...
Selecting previously unselected package mysql-client.
Preparing to unpack .../04-mysql-client_8.0.32-1ubuntu22.04_amd64.deb ...
Unpacking mysql-client (8.0.32-1ubuntu22.04) ...
Selecting previously unselected package libaio1:amd64.
Preparing to unpack .../05-libaio1_0.3.112-13build1_amd64.deb ...
Unpacking libaio1:amd64 (0.3.112-13build1) ...
Selecting previously unselected package libmecab2:amd64.
Preparing to unpack .../06-libmecab2_0.996-14build9_amd64.deb ...
Unpacking libmecab2:amd64 (0.996-14build9) ...
Selecting previously unselected package mysql-community-server-core.
Preparing to unpack .../07-mysql-community-server-core_8.0.32-1ubuntu22.04_amd64
.deb ...
Unpacking mysql-community-server-core (8.0.32-1ubuntu22.04) ...
Selecting previously unselected package mysql-community-server.
Preparing to unpack .../08-mysql-community-server_8.0.32-1ubuntu22.04_amd64.deb 
...
Unpacking mysql-community-server (8.0.32-1ubuntu22.04) ...
Selecting previously unselected package mecab-utils.
Preparing to unpack .../09-mecab-utils_0.996-14build9_amd64.deb ...
Unpacking mecab-utils (0.996-14build9) ...
Selecting previously unselected package mecab-ipadic.
Preparing to unpack .../10-mecab-ipadic_2.7.0-20070801+main-3_all.deb ...
Unpacking mecab-ipadic (2.7.0-20070801+main-3) ...
Selecting previously unselected package mecab-ipadic-utf8.
Preparing to unpack .../11-mecab-ipadic-utf8_2.7.0-20070801+main-3_all.deb ...
Unpacking mecab-ipadic-utf8 (2.7.0-20070801+main-3) ...
Selecting previously unselected package mysql-server.
Preparing to unpack .../12-mysql-server_8.0.32-1ubuntu22.04_amd64.deb ...
Unpacking mysql-server (8.0.32-1ubuntu22.04) ...
Setting up libmecab2:amd64 (0.996-14build9) ...
Setting up mysql-common (8.0.32-1ubuntu22.04) ...
update-alternatives: using /etc/mysql/my.cnf.fallback to provide /etc/mysql/my.c
nf (my.cnf) in auto mode
Setting up mecab-utils (0.996-14build9) ...
Setting up mysql-community-client-plugins (8.0.32-1ubuntu22.04) ...
Setting up libaio1:amd64 (0.3.112-13build1) ...
Setting up mecab-ipadic (2.7.0-20070801+main-3) ...
Compiling IPA dictionary for Mecab.  This takes long time...
reading /usr/share/mecab/dic/ipadic/unk.def ... 40
emitting double-array: 100% |###########################################| 
/usr/share/mecab/dic/ipadic/model.def is not found. skipped.
reading /usr/share/mecab/dic/ipadic/Interjection.csv ... 252
reading /usr/share/mecab/dic/ipadic/Prefix.csv ... 221
reading /usr/share/mecab/dic/ipadic/Postp.csv ... 146
reading /usr/share/mecab/dic/ipadic/Noun.org.csv ... 16668
reading /usr/share/mecab/dic/ipadic/Filler.csv ... 19
reading /usr/share/mecab/dic/ipadic/Auxil.csv ... 199
reading /usr/share/mecab/dic/ipadic/Postp-col.csv ... 91
reading /usr/share/mecab/dic/ipadic/Verb.csv ... 130750
reading /usr/share/mecab/dic/ipadic/Symbol.csv ... 208
reading /usr/share/mecab/dic/ipadic/Noun.adverbal.csv ... 795
reading /usr/share/mecab/dic/ipadic/Noun.adjv.csv ... 3328
reading /usr/share/mecab/dic/ipadic/Noun.csv ... 60477
reading /usr/share/mecab/dic/ipadic/Noun.proper.csv ... 27328
reading /usr/share/mecab/dic/ipadic/Noun.demonst.csv ... 120
reading /usr/share/mecab/dic/ipadic/Noun.others.csv ... 151
reading /usr/share/mecab/dic/ipadic/Noun.number.csv ... 42
reading /usr/share/mecab/dic/ipadic/Noun.name.csv ... 34202
reading /usr/share/mecab/dic/ipadic/Others.csv ... 2
reading /usr/share/mecab/dic/ipadic/Adnominal.csv ... 135
reading /usr/share/mecab/dic/ipadic/Suffix.csv ... 1393
reading /usr/share/mecab/dic/ipadic/Adj.csv ... 27210
reading /usr/share/mecab/dic/ipadic/Conjunction.csv ... 171
reading /usr/share/mecab/dic/ipadic/Noun.verbal.csv ... 12146
reading /usr/share/mecab/dic/ipadic/Noun.place.csv ... 72999
reading /usr/share/mecab/dic/ipadic/Adverb.csv ... 3032
reading /usr/share/mecab/dic/ipadic/Noun.nai.csv ... 42
emitting double-array: 100% |###########################################| 
reading /usr/share/mecab/dic/ipadic/matrix.def ... 1316x1316
emitting matrix      : 100% |###########################################| 

done!
update-alternatives: using /var/lib/mecab/dic/ipadic to provide /var/lib/mecab/d
ic/debian (mecab-dictionary) in auto mode
Setting up mysql-community-client-core (8.0.32-1ubuntu22.04) ...
Setting up mysql-community-server-core (8.0.32-1ubuntu22.04) ...
Setting up mecab-ipadic-utf8 (2.7.0-20070801+main-3) ...
Compiling IPA dictionary for Mecab.  This takes long time...
reading /usr/share/mecab/dic/ipadic/unk.def ... 40
emitting double-array: 100% |###########################################| 
/usr/share/mecab/dic/ipadic/model.def is not found. skipped.
reading /usr/share/mecab/dic/ipadic/Interjection.csv ... 252
reading /usr/share/mecab/dic/ipadic/Prefix.csv ... 221
reading /usr/share/mecab/dic/ipadic/Postp.csv ... 146
reading /usr/share/mecab/dic/ipadic/Noun.org.csv ... 16668
reading /usr/share/mecab/dic/ipadic/Filler.csv ... 19
reading /usr/share/mecab/dic/ipadic/Auxil.csv ... 199
reading /usr/share/mecab/dic/ipadic/Postp-col.csv ... 91
reading /usr/share/mecab/dic/ipadic/Verb.csv ... 130750
reading /usr/share/mecab/dic/ipadic/Symbol.csv ... 208
reading /usr/share/mecab/dic/ipadic/Noun.adverbal.csv ... 795
reading /usr/share/mecab/dic/ipadic/Noun.adjv.csv ... 3328
reading /usr/share/mecab/dic/ipadic/Noun.csv ... 60477
reading /usr/share/mecab/dic/ipadic/Noun.proper.csv ... 27328
reading /usr/share/mecab/dic/ipadic/Noun.demonst.csv ... 120
reading /usr/share/mecab/dic/ipadic/Noun.others.csv ... 151
reading /usr/share/mecab/dic/ipadic/Noun.number.csv ... 42
reading /usr/share/mecab/dic/ipadic/Noun.name.csv ... 34202
reading /usr/share/mecab/dic/ipadic/Others.csv ... 2
reading /usr/share/mecab/dic/ipadic/Adnominal.csv ... 135
reading /usr/share/mecab/dic/ipadic/Suffix.csv ... 1393
reading /usr/share/mecab/dic/ipadic/Adj.csv ... 27210
reading /usr/share/mecab/dic/ipadic/Conjunction.csv ... 171
reading /usr/share/mecab/dic/ipadic/Noun.verbal.csv ... 12146
reading /usr/share/mecab/dic/ipadic/Noun.place.csv ... 72999
reading /usr/share/mecab/dic/ipadic/Adverb.csv ... 3032
reading /usr/share/mecab/dic/ipadic/Noun.nai.csv ... 42
emitting double-array: 100% |###########################################| 
reading /usr/share/mecab/dic/ipadic/matrix.def ... 1316x1316
emitting matrix      : 100% |###########################################| 

done!
update-alternatives: using /var/lib/mecab/dic/ipadic-utf8 to provide /var/lib/me
cab/dic/debian (mecab-dictionary) in auto mode
Setting up mysql-community-client (8.0.32-1ubuntu22.04) ...
Setting up mysql-client (8.0.32-1ubuntu22.04) ...
Setting up mysql-community-server (8.0.32-1ubuntu22.04) ...
update-alternatives: using /etc/mysql/mysql.cnf to provide /etc/mysql/my.cnf (my
.cnf) in auto mode
Created symlink /etc/systemd/system/multi-user.target.wants/mysql.service → /lib
/systemd/system/mysql.service.
Setting up mysql-server (8.0.32-1ubuntu22.04) ...
Processing triggers for man-db (2.10.2-1) ...
Processing triggers for libc-bin (2.35-0ubuntu3.1) ...
user1@pc1:/tmp$ sudo systemctl status mysql
● mysql.service - MySQL Community Server
     Loaded: loaded (/lib/systemd/system/mysql.service; enabled; vendor preset:>
     Active: active (running) since Thu 2023-04-13 08:47:03 MSK; 19s ago
       Docs: man:mysqld(8)
             http://dev.mysql.com/doc/refman/en/using-systemd.html
   Main PID: 8529 (mysqld)
     Status: "Server is operational"
      Tasks: 39 (limit: 38096)
     Memory: 364.3M
        CPU: 650ms
     CGroup: /system.slice/mysql.service
             └─8529 /usr/sbin/mysqld

апр 13 08:47:03 pc1 systemd[1]: Starting MySQL Community Server...
апр 13 08:47:03 pc1 systemd[1]: Started MySQL Community Server.
user1@pc1:/tmp$ sudo dpkg -l
user1@pc1:~/Downloads$ sudo dpkg -i microsoft-edge-beta_113.0.1774.9-1_amd64.deb 
Selecting previously unselected package microsoft-edge-beta.
(Reading database ... 203270 files and directories currently installed.)
Preparing to unpack microsoft-edge-beta_113.0.1774.9-1_amd64.deb ...
Unpacking microsoft-edge-beta (113.0.1774.9-1) ...
Setting up microsoft-edge-beta (113.0.1774.9-1) ...
update-alternatives: using /usr/bin/microsoft-edge-beta to provide /usr/bin/x-www-browser (x-www-browser) in auto mode
update-alternatives: using /usr/bin/microsoft-edge-beta to provide /usr/bin/gnome-www-browser (gnome-www-browser) in auto mode
update-alternatives: using /usr/bin/microsoft-edge-beta to provide /usr/bin/microsoft-edge (microsoft-edge) in auto mode
Processing triggers for mailcap (3.70+nmu1ubuntu1) ...
Processing triggers for gnome-menus (3.36.0-1ubuntu3) ...
Processing triggers for desktop-file-utils (0.26-1ubuntu3) ...
Processing triggers for man-db (2.10.2-1) ...
user1@pc1:~/Downloads$ whereis edge
edge:
user1@pc1:~/Downloads$ dpkg -l edge
dpkg-query: no packages found matching edge
user1@pc1:~/Downloads$ dpkg -l microsoft-edge
dpkg-query: no packages found matching microsoft-edge
user1@pc1:~/Downloads$ dpkg -l microsoft-edge-beta
Desired=Unknown/Install/Remove/Purge/Hold
| Status=Not/Inst/Conf-files/Unpacked/halF-conf/Half-inst/trig-aWait/Trig-pend
|/ Err?=(none)/Reinst-required (Status,Err: uppercase=bad)
||/ Name                Version        Architecture Description
+++-===================-==============-============-==========================>
ii  microsoft-edge-beta 113.0.1774.9-1 amd64        The web browser from Micro>
user1@pc1:~/Downloads$ dpkg -p microsoft-edge-beta
dpkg-query: package 'microsoft-edge-beta' is not available
user1@pc1:~/Downloads$ dpkg -r microsoft-edge-beta
dpkg: error: requested operation requires superuser privilege
user1@pc1:~/Downloads$ sudo dpkg -p microsoft-edge-beta
dpkg-query: package 'microsoft-edge-beta' is not available
user1@pc1:~/Downloads$ sudo dpkg -r microsoft-edge-beta
(Reading database ... 203418 files and directories currently installed.)
Removing microsoft-edge-beta (113.0.1774.9-1) ...
update-alternatives: using /usr/bin/firefox to provide /usr/bin/x-www-browser (x-www-browser) in auto mode
update-alternatives: using /usr/bin/firefox to provide /usr/bin/gnome-www-browser (gnome-www-browser) in auto mode
Processing triggers for man-db (2.10.2-1) ...
Processing triggers for mailcap (3.70+nmu1ubuntu1) ...
Processing triggers for gnome-menus (3.36.0-1ubuntu3) ...
Processing triggers for desktop-file-utils (0.26-1ubuntu3) ...
user1@pc1:~/Downloads$ dpkg -l microsoft-edge-beta
Desired=Unknown/Install/Remove/Purge/Hold
| Status=Not/Inst/Conf-files/Unpacked/halF-conf/Half-inst/trig-aWait/Trig-pend
|/ Err?=(none)/Reinst-required (Status,Err: uppercase=bad)
||/ Name                Version        Architecture Description
+++-===================-==============-============-==========================>
rc  microsoft-edge-beta 113.0.1774.9-1 amd64        The web browser from Micro>
user1@pc1:~/Downloads$ 
user1@pc1:~/Documents$ sudo dpkg --purge microsoft-edge-beta
(Reading database ... 203270 files and directories currently installed.)
Purging configuration files for microsoft-edge-beta (113.0.1774.9-1) ...
user1@pc1:~/Documents$ dpkg -l | grep microsoft-edge-beta
user1@pc1:~/Documents$ 

user1@pc1:~/Documents$ mysql -u root -p
Enter password: 
Welcome to the MySQL monitor.  Commands end with ; or \g.
Your MySQL connection id is 22
Server version: 8.0.32 MySQL Community Server - GPL

Copyright (c) 2000, 2023, Oracle and/or its affiliates.

Oracle is a registered trademark of Oracle Corporation and/or its
affiliates. Other names may be trademarks of their respective
owners.

Type 'help;' or '\h' for help. Type '\c' to clear the current input statement.

mysql> show db;
ERROR 1064 (42000): You have an error in your SQL syntax; check the manual that corresponds to your MySQL server version for the right syntax to use near 'db' at line 1
mysql> show database;
ERROR 1064 (42000): You have an error in your SQL syntax; check the manual that corresponds to your MySQL server version for the right syntax to use near 'database' at line 1
mysql> show databases;
+--------------------+
| Database           |
+--------------------+
| information_schema |
| mysql              |
| performance_schema |
| sys                |
+--------------------+
4 rows in set (0,01 sec)

mysql> create database Animals;
Query OK, 1 row affected (0,03 sec)

mysql> use Animals;
Database changed
mysql> CREATE TABLE
    -> Dogs
    -> (
    -> id INT PRIMARY KEY AUTO_INCREMENT,
    -> date_birt DATE,
    -> nick_name VARCHAR(20) not null
    -> );
Query OK, 0 rows affected (0,08 sec)

mysql> show tables;
+-------------------+
| Tables_in_Animals |
+-------------------+
| Dogs              |
+-------------------+
1 row in set (0,00 sec)

mysql> INSERT Dogs (date_birt,nick_name) VALUES ( )
    -> 
    -> ^C
mysql> INSERT Dogs (date_birt,nick_name) VALUES ("2023-01-01","Sima");
Query OK, 1 row affected (0,03 sec)

mysql> INSERT Dogs (date_birt,nick_name) VALUES ("2022-01-01","Uma"),("2015-01-01","Rex");
Query OK, 2 rows affected (0,02 sec)
Records: 2  Duplicates: 0  Warnings: 0

mysql> CREATE TABLE Cats ( id INT PRIMARY KEY AUTO_INCREMENT, date_birt DATE, nick_name VARCHAR(20) not null );
Query OK, 0 rows affected (0,10 sec)

mysql> INSERT Cats (date_birt,nick_name) VALUES ("2022-01-01","Sue_cat"),("2022-01-01","Mel_cat"),("2015-01-01","Tok_cat");
Query OK, 3 rows affected (0,02 sec)
Records: 3  Duplicates: 0  Warnings: 0

mysql> CREATE TABLE Hamsters ( id INT PRIMARY KEY AUTO_INCREMENT, date_birt DATE, nick_name VARCHAR(20) not null );
Query OK, 0 rows affected (0,08 sec)

mysql> INSERT Hamsters (date_birt,nick_name) VALUES ("2022-01-01","Don_ham"),("2022-01-01","Fil_ham"),("2015-01-01","Zed_ham");
Query OK, 3 rows affected (0,02 sec)
Records: 3  Duplicates: 0  Warnings: 0

mysql> CREATE TABLE Horses ( id INT PRIMARY KEY AUTO_INCREMENT, date_birt DATE, nick_name VARCHAR(20) not null );
Query OK, 0 rows affected (0,08 sec)

mysql> INSERT Horses (date_birt,nick_name) VALUES ("2022-01-01","Gen_horse"),("2022-01-01","Dar_horse"),("2015-01-01","Omp_horse");
Query OK, 3 rows affected (0,02 sec)
Records: 3  Duplicates: 0  Warnings: 0

mysql> CREATE TABLE Camels ( id INT PRIMARY KEY AUTO_INCREMENT, date_birt DATE, nick_name VARCHAR(20) not null );
Query OK, 0 rows affected (0,07 sec)

mysql> INSERT Camels (date_birt,nick_name) VALUES ("2022-01-01","Tro_camel"),("2022-01-01","Ber_camel"),("2015-01-01","Jax_camel");
Query OK, 3 rows affected (0,02 sec)
Records: 3  Duplicates: 0  Warnings: 0

mysql> CREATE TABLE Donkey ( id INT PRIMARY KEY AUTO_INCREMENT, date_birt DATE, nick_name VARCHAR(20) not null );
Query OK, 0 rows affected (0,12 sec)

mysql> INSERT Donkey (date_birt,nick_name) VALUES ("2022-01-01","Sto_donkey"),("2022-01-01","It_donkey"),("2015-01-01","Pre_donkey");
Query OK, 3 rows affected (0,02 sec)
Records: 3  Duplicates: 0  Warnings: 0

mysql> DROP TABLE Camels;
Query OK, 0 rows affected (0,07 sec)

mysql> SELECT * FROM Horses
    -> UNION
    -> SELECT * FROM Donkey;
+----+------------+------------+
| id | date_birt  | nick_name  |
+----+------------+------------+
|  1 | 2022-01-01 | Gen_horse  |
|  2 | 2022-01-01 | Dar_horse  |
|  3 | 2015-01-01 | Omp_horse  |
|  1 | 2022-01-01 | Sto_donkey |
|  2 | 2022-01-01 | It_donkey  |
|  3 | 2015-01-01 | Pre_donkey |
+----+------------+------------+
6 rows in set (0,00 sec)

mysql> SELECT * FROM Dogs WHERE date_birt between NOW()-365 and NOW()-365*3;
Empty set (0,00 sec)

mysql> SELECT * FROM Dogs WHERE date_birt between NOW()-365 and NOW()-365*10;
Empty set (0,00 sec)

mysql> SELECT * FROM Dogs WHERE date_birt between (NOW()-INTERVAL 365 DAY) and (NOW()-INTERVAL (365*10) DAY);
Empty set (0,00 sec)

mysql> SELECT * FROM Dogs WHERE TIMESTAMPDIFF(YEAR,date_birt,NOW()) between 1 and 3;
+----+------------+-----------+
| id | date_birt  | nick_name |
+----+------------+-----------+
|  2 | 2022-01-01 | Uma       |
+----+------------+-----------+
1 row in set (0,00 sec)

mysql> SELECT * FROM Dogs WHERE TIMESTAMPDIFF(YEAR,date_birt,NOW()) between 1 and 10;
+----+------------+-----------+
| id | date_birt  | nick_name |
+----+------------+-----------+
|  2 | 2022-01-01 | Uma       |
|  3 | 2015-01-01 | Rex       |
+----+------------+-----------+
2 rows in set (0,00 sec)

mysql> SELECT *,(TIMESTAMPDIFF(MONTH,date_birt,NOW())) as Age_Months FROM Dogs WHERE TIMESTAMPDIFF(YEAR,date_birt,NOW()) between 1 and 10;
+----+------------+-----------+------------+
| id | date_birt  | nick_name | Age_Months |
+----+------------+-----------+------------+
|  2 | 2022-01-01 | Uma       |         15 |
|  3 | 2015-01-01 | Rex       |         99 |
+----+------------+-----------+------------+
2 rows in set (0,00 sec)

mysql> SELECT *,(TIMESTAMPDIFF(MONTH,date_birt,NOW())) as Age_Months FROM Dogs WHERE TIMESTAMPDIFF(YEAR,date_birt,NOW()) between 1 and 10
    -> UNION
    -> SELECT *,(TIMESTAMPDIFF(MONTH,date_birt,NOW())) as Age_Months FROM Cats WHERE TIMESTAMPDIFF(YEAR,date_birt,NOW()) between 1 and 10
    -> UNION
    -> SELECT *,(TIMESTAMPDIFF(MONTH,date_birt,NOW())) as Age_Months FROM Hamsters WHERE TIMESTAMPDIFF(YEAR,date_birt,NOW()) between 1 and 10
    -> UNION
    -> SELECT *,(TIMESTAMPDIFF(MONTH,date_birt,NOW())) as Age_Months FROM Horses WHERE TIMESTAMPDIFF(YEAR,date_birt,NOW()) between 1 and 3;
+----+------------+-----------+------------+
| id | date_birt  | nick_name | Age_Months |
+----+------------+-----------+------------+
|  2 | 2022-01-01 | Uma       |         15 |
|  3 | 2015-01-01 | Rex       |         99 |
|  1 | 2022-01-01 | Sue_cat   |         15 |
|  2 | 2022-01-01 | Mel_cat   |         15 |
|  3 | 2015-01-01 | Tok_cat   |         99 |
|  1 | 2022-01-01 | Don_ham   |         15 |
|  2 | 2022-01-01 | Fil_ham   |         15 |
|  3 | 2015-01-01 | Zed_ham   |         99 |
|  1 | 2022-01-01 | Gen_horse |         15 |
|  2 | 2022-01-01 | Dar_horse |         15 |
+----+------------+-----------+------------+
10 rows in set (0,00 sec)

mysql> 
